// Jest Snapshot v1, https://goo.gl/fbAQLP

exports[`renders correctly 1`] = `
.c0 {
  display: block;
  padding: 0 15px 41px;
  margin: 0 0 43px;
  position: relative;
  border-bottom: 1px solid #f0f1f4;
}

.c0 .slick-list {
  overflow: hidden;
}

.c0 .slick-slider {
  margin: 0 -15px;
}

.c0 .slick-slide:last-of-type > div > div::after {
  display: none;
}

.c0 .slick-track {
  display: -webkit-box;
  display: -webkit-flex;
  display: -ms-flexbox;
  display: flex;
}

.c0 .slick-track *:focus {
  outline: none;
}

.c0 .slick-arrow {
  display: -webkit-box !important;
  display: -webkit-flex !important;
  display: -ms-flexbox !important;
  display: flex !important;
  -webkit-align-items: center;
  -webkit-box-align: center;
  -ms-flex-align: center;
  align-items: center;
  width: 77px;
  height: 77px;
  border-radius: 50%;
  box-shadow: 0px 14px 34px rgba(0,0,0,0.2);
}

.c0 .slick-arrow.slick-prev,
.c0 .slick-arrow.slick-next {
  border: 0;
  padding: 0;
  position: absolute;
  z-index: 10;
  bottom: 50%;
  background-color: #fff;
}

.c0 .slick-arrow.slick-prev svg,
.c0 .slick-arrow.slick-next svg {
  width: 20px;
  height: 20px;
  display: block;
  color: #979797;
}

.c0 .slick-arrow.slick-prev {
  left: -54px;
  -webkit-box-pack: end;
  -webkit-justify-content: flex-end;
  -ms-flex-pack: end;
  justify-content: flex-end;
}

.c0 .slick-arrow.slick-prev svg {
  margin: 0 12px 0 0;
}

.c0 .slick-arrow.slick-next {
  right: -54px;
}

.c0 .slick-arrow.slick-next svg {
  margin: 0 0 0 12px;
}

@media (min-width:36em) {
  .c0 .slick-arrow.slick-prev,
  .c0 .slick-arrow.slick-next {
    width: 97px;
    height: 97px;
  }

  .c0 .slick-arrow.slick-prev {
    left: -63px;
  }

  .c0 .slick-arrow.slick-prev svg {
    margin: 0 20px 0 0;
  }

  .c0 .slick-arrow.slick-next {
    right: -63px;
  }

  .c0 .slick-arrow.slick-next svg {
    margin: 0 0 0 20px;
  }
}

<div
  className="c0"
>
  <div
    className="slick-slider slick-initialized"
  >
    
    <div
      className="slick-list"
    >
      <div
        className="slick-track"
        onMouseEnter={[Function]}
        onMouseLeave={[Function]}
        onMouseOver={[Function]}
        style={
          Object {
            "WebkitTransform": "translate3d(0px, 0px, 0px)",
            "WebkitTransition": "-webkit-transform 500ms ease",
            "msTransform": "translateX(0px)",
            "opacity": 1,
            "transform": "translate3d(0px, 0px, 0px)",
            "transition": "transform 500ms ease",
          }
        }
      />
    </div>
    
    
  </div>
</div>
`;
