// Jest Snapshot v1, https://goo.gl/fbAQLP

exports[`renders correctly 1`] = `
.c0 {
  position: relative;
  height: auto !important;
  min-width: 290px;
}

.c1 {
  display: -webkit-box;
  display: -webkit-flex;
  display: -ms-flexbox;
  display: flex;
  -webkit-align-items: center;
  -webkit-box-align: center;
  -ms-flex-align: center;
  align-items: center;
  border: 0;
  background-color: transparent;
  width: 100%;
  height: 100%;
  padding: 0 23px;
  -webkit-letter-spacing: 0.6px;
  -moz-letter-spacing: 0.6px;
  -ms-letter-spacing: 0.6px;
  letter-spacing: 0.6px;
  font-weight: 500;
  line-height: 25px;
  color: white;
  font-family: Roboto,Arial,sans-serif;
  cursor: pointer;
  margin: 20px 0 0;
  font-weight: 700;
  font-size: 16px;
  line-height: 19px;
}

.c1:focus {
  outline: none;
}

.c2 {
  box-sizing: border-box;
  display: block;
  position: static;
  padding: 0 23px;
}

.c2 p {
  color: #fff;
  -webkit-letter-spacing: .5px;
  -moz-letter-spacing: .5px;
  -ms-letter-spacing: .5px;
  letter-spacing: .5px;
  font-weight: 500;
  margin: 10px 0 0;
  font-size: 12px;
  line-height: 17px;
  display: block;
}

.c2 p span {
  cursor: pointer;
  -webkit-text-decoration: underline;
  text-decoration: underline;
  font-weight: 700;
}

.c2 b {
  display: block;
  font-size: 12px;
  line-height: 17px;
  -webkit-letter-spacing: .5px;
  -moz-letter-spacing: .5px;
  -ms-letter-spacing: .5px;
  letter-spacing: .5px;
  margin-top: 10px;
  font-weight: 500;
  color: #a94442;
}

.c3 {
  display: -webkit-box;
  display: -webkit-flex;
  display: -ms-flexbox;
  display: flex;
  background: #FBFBFB;
  border: 1px solid #59C6E1;
  box-sizing: border-box;
  border-radius: 5px;
  margin: 0;
  font-weight: 400;
  font-size: 14px;
  line-height: 16px;
  -webkit-letter-spacing: .5px;
  -moz-letter-spacing: .5px;
  -ms-letter-spacing: .5px;
  letter-spacing: .5px;
  color: #899197;
  padding: 0;
  position: relative;
  box-sizing: border-box;
  height: 41px;
  pointer-events: auto;
}

.c3 input {
  background-color: transparent;
  border: 0;
  -webkit-flex: 1;
  -ms-flex: 1;
  flex: 1;
  height: 100%;
  padding: 11px 13px 12px 15px;
  box-sizing: border-box;
  font-weight: 400;
  font-size: 12px;
  line-height: 16px;
  -webkit-letter-spacing: .5px;
  -moz-letter-spacing: .5px;
  -ms-letter-spacing: .5px;
  letter-spacing: .5px;
  color: #899197;
}

.c3 input:focus {
  outline: none;
}

.c3 input::-webkit-input-placeholder {
  color: #ccc;
}

.c3 input::-moz-placeholder {
  color: #ccc;
}

.c3 input:-ms-input-placeholder {
  color: #ccc;
}

.c3 input::placeholder {
  color: #ccc;
}

.c4 {
  width: 39px;
  height: 100%;
  display: -webkit-box;
  display: -webkit-flex;
  display: -ms-flexbox;
  display: flex;
  -webkit-align-items: center;
  -webkit-box-align: center;
  -ms-flex-align: center;
  align-items: center;
  -webkit-box-pack: center;
  -webkit-justify-content: center;
  -ms-flex-pack: center;
  justify-content: center;
  border: 0;
  background-color: transparent;
  cursor: pointer;
}

.c4 svg {
  width: 16px;
  height: 16px;
  color: #ccc;
}

.c4:hover svg {
  color: #00CBE9;
}

.c4:focus {
  outline: none;
}

.c5 {
  pointer-events: none;
  position: fixed;
  top: 0;
  right: 0;
  bottom: 0;
  left: 0;
  z-index: 9;
}

@media (min-width:62em) {
  .c0 {
    height: 100% !important;
    min-width: 0;
  }
}

@media (min-width:62em) {
  .c1 {
    margin: 0;
    font-size: 19.5px;
    background-color: transparent;
  }

  .c1:hover {
    background: #02a6bf;
  }
}

@media (min-width:62em) {
  .c2 p {
    text-align: center;
    color: #62707B;
    padding: 0 16px;
    margin: 0;
  }
}

@media (min-width:62em) {
  .c2 b {
    color: red;
    font-weight: 700;
  }
}

@media (min-width:62em) {
  .c2 {
    display: none;
    position: absolute;
    width: 366px;
    border-radius: 5px;
    -webkit-box-shadow: 0 7px 14.4px 1.6px rgba(0,0,0,.19);
    top: 65px;
    position: absolute;
    background: #fff;
    z-index: 10;
    left: 50%;
    -webkit-transform: translateX(-50%);
    -ms-transform: translateX(-50%);
    transform: translateX(-50%);
    margin-top: 20px;
    padding: 20px 17px 12px;
  }

  .c2::after {
    content: '';
    display: block;
    position: absolute;
    left: 50%;
    bottom: 100%;
    -webkit-transform: translateX(-50%);
    -ms-transform: translateX(-50%);
    transform: translateX(-50%);
    border: 9px solid transparent;
    border-bottom-color: #fff;
  }
}

@media (min-width:62em) {
  .c3 input {
    font-size: 14px;
  }
}

@media (min-width:62em) {
  .c3 {
    margin: 13px 0 0;
  }
}

<div
  className="c0"
>
  <button
    className="c1"
    onClick={[Function]}
  >
    Hotel Booking
  </button>
  <div
    className="c2"
  >
    <p>
      To manage your hotel booking, 
      <span
        onClick={[Function]}
      >
        login to your account
      </span>
       or enter your confirmation number below.
    </p>
    <form
      className="c3"
      onSubmit={[Function]}
    >
      <input
        maxLength={20}
        onChange={[Function]}
        placeholder="Enter confirmation #"
        type="text"
        value=""
      />
      <button
        className="c4"
      >
        <svg
          fill="none"
          height="1em"
          stroke="currentColor"
          strokeLinecap="round"
          strokeLinejoin="round"
          strokeWidth="2"
          style={
            Object {
              "color": undefined,
            }
          }
          viewBox="0 0 24 24"
          width="1em"
          xmlns="http://www.w3.org/2000/svg"
        >
          <circle
            cx="11"
            cy="11"
            r="8"
          />
          <line
            x1="21"
            x2="16.65"
            y1="21"
            y2="16.65"
          />
        </svg>
      </button>
    </form>
  </div>
  <div
    className="c5"
    onClick={[Function]}
  />
</div>
`;
